
> emd@0.1.0 build
> npm run build:icons && tsc --noEmit && vite build


> emd@0.1.0 build:icons
> node scripts/render-icons.mjs

Rendered application icons from assets/emd.svg
vite v7.3.6 building client environment for production...
transforming...
✓ 2528 modules transformed.
rendering chunks...
computing gzip size...
dist/index.html                                         0.69 kB │ gzip:   0.41 kB
dist/assets/KaTeX_Size3-Regular-CTq5MqoE.woff           4.42 kB
dist/assets/KaTeX_Size4-Regular-Dl5lxZxV.woff2          4.93 kB
dist/assets/KaTeX_Size2-Regular-Dy4dx90m.woff2          5.21 kB
dist/assets/KaTeX_Size1-Regular-mCD8mA8B.woff2          5.47 kB
dist/assets/KaTeX_Size4-Regular-BF-4gkZK.woff           5.98 kB
dist/assets/KaTeX_Size2-Regular-oD1tc_U0.woff           6.19 kB
dist/assets/KaTeX_Size1-Regular-C195tn64.woff           6.50 kB
dist/assets/KaTeX_Caligraphic-Regular-Di6jR-x-.woff2    6.91 kB
dist/assets/KaTeX_Caligraphic-Bold-Dq_IR9rO.woff2       6.91 kB
dist/assets/KaTeX_Size3-Regular-DgpXs0kz.ttf            7.59 kB
dist/assets/KaTeX_Caligraphic-Regular-CTRA-rTL.woff     7.66 kB
dist/assets/KaTeX_Caligraphic-Bold-BEiXGLvX.woff        7.72 kB
dist/assets/KaTeX_Script-Regular-D3wIWfF6.woff2         9.64 kB
dist/assets/KaTeX_SansSerif-Regular-DDBCnlJ7.woff2     10.34 kB
dist/assets/KaTeX_Size4-Regular-DWFBv043.ttf           10.36 kB
dist/assets/KaTeX_Script-Regular-D5yQViql.woff         10.59 kB
dist/assets/KaTeX_Fraktur-Regular-CTYiF6lA.woff2       11.32 kB
dist/assets/KaTeX_Fraktur-Bold-CL6g_b3V.woff2          11.35 kB
dist/assets/KaTeX_Size2-Regular-B7gKUWhC.ttf           11.51 kB
dist/assets/KaTeX_SansSerif-Italic-C3H0VqGB.woff2      12.03 kB
dist/assets/KaTeX_SansSerif-Bold-D1sUS0GD.woff2        12.22 kB
dist/assets/KaTeX_Size1-Regular-Dbsnue_I.ttf           12.23 kB
dist/assets/KaTeX_SansSerif-Regular-CS6fqUqJ.woff      12.32 kB
dist/assets/KaTeX_Caligraphic-Regular-wX97UBjC.ttf     12.34 kB
dist/assets/KaTeX_Caligraphic-Bold-ATXxdsX0.ttf        12.37 kB
dist/assets/KaTeX_Fraktur-Regular-Dxdc4cR9.woff        13.21 kB
dist/assets/KaTeX_Fraktur-Bold-BsDP51OF.woff           13.30 kB
dist/assets/KaTeX_Typewriter-Regular-CO6r4hn1.woff2    13.57 kB
dist/assets/KaTeX_SansSerif-Italic-DN2j7dab.woff       14.11 kB
dist/assets/KaTeX_SansSerif-Bold-DbIhKOiC.woff         14.41 kB
dist/assets/KaTeX_Typewriter-Regular-C0xS9mPB.woff     16.03 kB
dist/assets/KaTeX_Math-BoldItalic-CZnvNsCZ.woff2       16.40 kB
dist/assets/KaTeX_Math-Italic-t53AETM-.woff2           16.44 kB
dist/assets/KaTeX_Script-Regular-C5JkGWo-.ttf          16.65 kB
dist/assets/KaTeX_Main-BoldItalic-DxDJ3AOS.woff2       16.78 kB
dist/assets/KaTeX_Main-Italic-NWA7e6Wa.woff2           16.99 kB
dist/assets/KaTeX_Math-BoldItalic-iY-2wyZ7.woff        18.67 kB
dist/assets/KaTeX_Math-Italic-DA0__PXp.woff            18.75 kB
dist/assets/KaTeX_Main-BoldItalic-SpSLRI95.woff        19.41 kB
dist/assets/KaTeX_SansSerif-Regular-BNo7hRIc.ttf       19.44 kB
dist/assets/KaTeX_Fraktur-Regular-CB_wures.ttf         19.57 kB
dist/assets/KaTeX_Fraktur-Bold-BdnERNNW.ttf            19.58 kB
dist/assets/KaTeX_Main-Italic-BMLOBm91.woff            19.68 kB
dist/assets/KaTeX_SansSerif-Italic-YYjJ1zSn.ttf        22.36 kB
dist/assets/KaTeX_SansSerif-Bold-CFMepnvq.ttf          24.50 kB
dist/assets/KaTeX_Main-Bold-Cx986IdX.woff2             25.32 kB
dist/assets/KaTeX_Main-Regular-B22Nviop.woff2          26.27 kB
dist/assets/KaTeX_Typewriter-Regular-D3Ib7_Hf.ttf      27.56 kB
dist/assets/KaTeX_AMS-Regular-BQhdFMY1.woff2           28.08 kB
dist/assets/KaTeX_Main-Bold-Jm3AIy58.woff              29.91 kB
dist/assets/KaTeX_Main-Regular-Dr94JaBh.woff           30.77 kB
dist/assets/KaTeX_Math-BoldItalic-B3XSjfu4.ttf         31.20 kB
dist/assets/KaTeX_Math-Italic-flOr_0UB.ttf             31.31 kB
dist/assets/KaTeX_Main-BoldItalic-DzxPMmG6.ttf         32.97 kB
dist/assets/KaTeX_AMS-Regular-DMm9YOAa.woff            33.52 kB
dist/assets/KaTeX_Main-Italic-3WenGoN9.ttf             33.58 kB
dist/assets/KaTeX_Main-Bold-waoOVXN0.ttf               51.34 kB
dist/assets/KaTeX_Main-Regular-ypZvNtVU.ttf            53.58 kB
dist/assets/KaTeX_AMS-Regular-DRggAlZN.ttf             63.63 kB
dist/assets/index-BwxPVEoW.css                         49.45 kB │ gzip:  12.80 kB
dist/assets/channel-FUdXnKJX.js                         0.11 kB │ gzip:   0.13 kB
dist/assets/init-Gi6I4Gst.js                            0.15 kB │ gzip:   0.13 kB
dist/assets/chunk-2Q5K7J3B-o2JtGGfA.js                  0.19 kB │ gzip:   0.16 kB
dist/assets/chunk-JWPE2WC7-Cl1QLhVt.js                  0.23 kB │ gzip:   0.17 kB
dist/assets/chunk-XXDRQBXY-I-YnLo6L.js                  0.23 kB │ gzip:   0.21 kB
dist/assets/chunk-5VM5RSS4-CLOA691W.js                  0.37 kB │ gzip:   0.27 kB
dist/assets/stateDiagram-v2-MP3YSRHH-B2P103kj.js        0.43 kB │ gzip:   0.30 kB
dist/assets/classDiagram-ZZMXUADV-Cx1tDEYN.js           0.47 kB │ gzip:   0.32 kB
dist/assets/classDiagram-v2-VYDZK3BY-Cx1tDEYN.js        0.47 kB │ gzip:   0.32 kB
dist/assets/chunk-POPQ4Y6H-3TACjkb4.js                  0.51 kB │ gzip:   0.36 kB
dist/assets/codeowners-Bp6g37R7.js                      0.55 kB │ gzip:   0.32 kB
dist/assets/swimlanesDiagram-VR7AAH4N-C5wxo-hl.js       0.55 kB │ gzip:   0.37 kB
dist/assets/infoDiagram-27XIBGKW-_RHcM5LJ.js            0.59 kB │ gzip:   0.41 kB
dist/assets/shellsession-BADoaaVG.js                    0.71 kB │ gzip:   0.43 kB
dist/assets/tsv-B_m7g4N7.js                             0.74 kB │ gzip:   0.34 kB
dist/assets/html-derivative-DZhk3IEZ.js                 0.90 kB │ gzip:   0.50 kB
dist/assets/sizeCapture-INFHLROL-nXGNq9r5.js            0.94 kB │ gzip:   0.53 kB
dist/assets/git-rebase-r7XF79zn.js                      0.98 kB │ gzip:   0.44 kB
dist/assets/qmldir-C8lEn-DE.js                          1.00 kB │ gzip:   0.45 kB
dist/assets/csv-fuZLfV_i.js                             1.14 kB │ gzip:   0.37 kB
dist/assets/ordinal-Cboi1Yqb.js                         1.19 kB │ gzip:   0.57 kB
dist/assets/git-commit-F4YmCXRG.js                      1.23 kB │ gzip:   0.53 kB
dist/assets/xsl-CtQFsRM5.js                             1.39 kB │ gzip:   0.52 kB
dist/assets/sparql-rVzFXLq3.js                          1.48 kB │ gzip:   0.82 kB
dist/assets/ini-BEwlwnbL.js                             1.53 kB │ gzip:   0.50 kB
dist/assets/railroadDiagram-O6MQD6OU-DEkPl9ae.js        1.61 kB │ gzip:   0.75 kB
dist/assets/fortran-fixed-form-CkoXwp7k.js              1.67 kB │ gzip:   0.69 kB
dist/assets/docker-BcOcwvcX.js                          1.74 kB │ gzip:   0.60 kB
dist/assets/dotenv-De0Btta0.js                          1.75 kB │ gzip:   0.61 kB
dist/assets/abnfDiagram-VCTEODGH-CW857IX5.js            1.81 kB │ gzip:   0.89 kB
dist/assets/desktop-BmXAJ9_W.js                         1.83 kB │ gzip:   0.76 kB
dist/assets/chunk-F27PBJKO-BHOfQOWm.js                  1.88 kB │ gzip:   0.82 kB
dist/assets/hxml-2-FPmUDs.js                            1.89 kB │ gzip:   0.90 kB
dist/assets/pegDiagram-XKGWAZYB-CJfN6Ktr.js             1.96 kB │ gzip:   0.92 kB
dist/assets/ebnfDiagram-PWID7BFC-CHSS9qdm.js            2.01 kB │ gzip:   0.88 kB
dist/assets/wenyan-BV7otONQ.js                          2.16 kB │ gzip:   1.09 kB
dist/assets/jssm-C2t-YnRu.js                            2.24 kB │ gzip:   0.62 kB
dist/assets/reg-C-SQnVFl.js                             2.35 kB │ gzip:   0.70 kB
dist/assets/edge-CJaD-t2L.js                            2.36 kB │ gzip:   0.70 kB
dist/assets/diff-D97Zzqfu.js                            2.57 kB │ gzip:   0.70 kB
dist/assets/gleam-BspZqrRM.js                           2.58 kB │ gzip:   0.82 kB
dist/assets/erb-CSMaCouu.js                             2.61 kB │ gzip:   0.84 kB
dist/assets/hy-DFXneXwc.js                              2.65 kB │ gzip:   1.18 kB
dist/assets/json-Cp-IABpG.js                            2.82 kB │ gzip:   0.78 kB
dist/assets/openscad-C4EeE6gA.js                        2.82 kB │ gzip:   1.01 kB
dist/assets/log-2UxHyX5q.js                             2.85 kB │ gzip:   0.90 kB
dist/assets/cairo-KRGpt6FW.js                           2.94 kB │ gzip:   0.81 kB
dist/assets/berry-uYugtg8r.js                           3.01 kB │ gzip:   0.81 kB
dist/assets/jsonl-DcaNXYhu.js                           3.01 kB │ gzip:   0.79 kB
dist/assets/jsonc-Des-eS-w.js                           3.11 kB │ gzip:   0.80 kB
dist/assets/logo-BtOb2qkB.js                            3.13 kB │ gzip:   1.47 kB
dist/assets/po-BTJTHyun.js                              3.24 kB │ gzip:   0.91 kB
dist/assets/json5-C9tS-k6U.js                           3.25 kB │ gzip:   0.83 kB
dist/assets/mipsasm-CKIfxQSi.js                         3.26 kB │ gzip:   1.18 kB
dist/assets/tasl-QIJgUcNo.js                            3.29 kB │ gzip:   0.85 kB
dist/assets/rbs-CpoqiR4B.js                             3.31 kB │ gzip:   0.73 kB
dist/assets/genie-D0YGMca9.js                           3.36 kB │ gzip:   1.21 kB
dist/assets/rel-C3B-1QV4.js                             3.37 kB │ gzip:   1.11 kB
dist/assets/vala-CsfeWuGM.js                            3.37 kB │ gzip:   1.19 kB
dist/assets/arc-B3krsYDy.js                             3.43 kB │ gzip:   1.47 kB
dist/assets/splunk-BtCnVYZw.js                          3.44 kB │ gzip:   1.52 kB
dist/assets/fluent-C4IJs8-o.js                          3.61 kB │ gzip:   0.90 kB
dist/assets/ssh-config-_ykCGR6B.js                      3.62 kB │ gzip:   1.60 kB
dist/assets/jsonnet-DFQXde-d.js                         3.62 kB │ gzip:   1.05 kB
dist/assets/kdl-DV7GczEv.js                             3.63 kB │ gzip:   1.04 kB
dist/assets/glsl-DplSGwfg.js                            3.63 kB │ gzip:   1.41 kB
dist/assets/hurl-irOxFIW8.js                            3.65 kB │ gzip:   1.16 kB
dist/assets/narrat-DRg8JJMk.js                          3.67 kB │ gzip:   1.11 kB
dist/assets/turtle-BsS91CYL.js                          3.70 kB │ gzip:   0.98 kB
dist/assets/zenscript-DVFEvuxE.js                       3.91 kB │ gzip:   1.28 kB
dist/assets/ron-D8l8udqQ.js                             3.91 kB │ gzip:   0.98 kB
dist/assets/gn-8iBmfbXw.js                              4.02 kB │ gzip:   1.50 kB
dist/assets/pascal-D93ZcfNL.js                          4.15 kB │ gzip:   1.67 kB
dist/assets/diagram-Z3DM3KII-_CUAebxI.js                4.21 kB │ gzip:   1.83 kB
dist/assets/tcl-dwOrl1Do.js                             4.43 kB │ gzip:   1.52 kB
dist/assets/nextflow-BCxp2Aob.js                        4.51 kB │ gzip:   1.16 kB
dist/assets/rosmsg-BJDFO7_C.js                          4.52 kB │ gzip:   1.06 kB
dist/assets/http-jrhK8wxY.js                            4.55 kB │ gzip:   1.12 kB
dist/assets/polar-C0HS_06l.js                           4.67 kB │ gzip:   1.12 kB
dist/assets/defaultLocale-DX6XiGOO.js                   4.69 kB │ gzip:   2.18 kB
dist/assets/sdbl-DVxCFoDh.js                            4.70 kB │ gzip:   2.01 kB
dist/assets/fennel-BYunw83y.js                          4.77 kB │ gzip:   1.53 kB
dist/assets/bibtex-CHM0blh-.js                          4.80 kB │ gzip:   0.83 kB
dist/assets/llvm-BZoOZj88.js                            5.04 kB │ gzip:   2.01 kB
dist/assets/wgsl-Dx-B1_4e.js                            5.14 kB │ gzip:   1.39 kB
dist/assets/gdresource-TyuKm33G.js                      5.29 kB │ gzip:   1.34 kB
dist/assets/qml-3beO22l8.js                             5.34 kB │ gzip:   1.38 kB
dist/assets/zig-VOosw3JB.js                             5.34 kB │ gzip:   1.55 kB
dist/assets/dax-CEL-wOlO.js                             5.37 kB │ gzip:   2.23 kB
dist/assets/bicep-Bmn6On1c.js                           5.38 kB │ gzip:   1.15 kB
dist/assets/xml-sdJ4AIDG.js                             5.38 kB │ gzip:   1.21 kB
dist/assets/awk-DMzUqQB5.js                             5.46 kB │ gzip:   1.38 kB
dist/assets/linear-CBDaVLx1.js                          5.66 kB │ gzip:   2.31 kB
dist/assets/jinja-DFQZVq3b.js                           5.69 kB │ gzip:   1.40 kB
dist/assets/lean-BZvkOJ9d.js                            5.78 kB │ gzip:   1.92 kB
dist/assets/powerquery-CEu0bR-o.js                      5.90 kB │ gzip:   1.52 kB
dist/assets/shaderlab-Dg9Lc6iA.js                       5.92 kB │ gzip:   2.08 kB
dist/assets/cypher-COkxafJQ.js                          5.96 kB │ gzip:   1.73 kB
dist/assets/coq-BqXF5kFF.js                             6.02 kB │ gzip:   1.96 kB
dist/assets/vb-Cu-pLBUe.js                              6.08 kB │ gzip:   2.33 kB
dist/assets/moonbit-Bag4Rp_g.js                         6.08 kB │ gzip:   1.71 kB
dist/assets/diagram-UQ7AKVKN-C6Wnrt-2.js                6.08 kB │ gzip:   2.62 kB
dist/assets/min-dark-CafNBF8u.js                        6.29 kB │ gzip:   1.71 kB
dist/assets/pieDiagram-E7YTZNPT-DDKSzztx.js             6.29 kB │ gzip:   2.62 kB
dist/assets/gdshader-DkwncUOv.js                        6.33 kB │ gzip:   1.73 kB
dist/assets/ara-BRHolxvo.js                             6.36 kB │ gzip:   1.81 kB
dist/assets/verilog-nZwndyjY.js                         6.41 kB │ gzip:   1.92 kB
dist/assets/clojure-P80f7IUj.js                         6.41 kB │ gzip:   1.42 kB
dist/assets/postcss-CXtECtnM.js                         6.42 kB │ gzip:   1.91 kB
dist/assets/toml-vGWfd6FD.js                            6.43 kB │ gzip:   1.28 kB
dist/assets/proto-C7zT0LnQ.js                           6.55 kB │ gzip:   1.42 kB
dist/assets/chapel-DTp_pixX.js                          6.62 kB │ gzip:   1.85 kB
dist/assets/r-Cf5RLm7j.js                               6.74 kB │ gzip:   1.84 kB
dist/assets/red-DMbB5_pp.js                             6.74 kB │ gzip:   1.71 kB
dist/assets/talonscript-CkByrt1z.js                     6.76 kB │ gzip:   1.49 kB
dist/assets/riscv-BM1_JUlF.js                           6.91 kB │ gzip:   1.98 kB
dist/assets/solarized-light-DCG28T6R.js                 6.94 kB │ gzip:   1.82 kB
dist/assets/min-light-CTRr51gU.js                       6.97 kB │ gzip:   1.89 kB
dist/assets/soy-zscZBeg6.js                             6.98 kB │ gzip:   1.66 kB
dist/assets/scheme-C98Dy4si.js                          7.17 kB │ gzip:   2.05 kB
dist/assets/hlsl-D3lLCCz7.js                            7.26 kB │ gzip:   2.19 kB
dist/assets/solarized-dark-UcubFVte.js                  7.39 kB │ gzip:   1.91 kB
dist/assets/qss-IeuSbFQv.js                             7.47 kB │ gzip:   2.58 kB
dist/assets/prisma-Vru482bI.js                          7.74 kB │ gzip:   1.48 kB
dist/assets/systemd-4A_iFExJ.js                         7.87 kB │ gzip:   2.55 kB
dist/assets/regexp-CDVJQ6XC.js                          7.99 kB │ gzip:   1.42 kB
dist/assets/diagram-S7CK7UJ4-CVENdfMO.js                8.22 kB │ gzip:   3.67 kB
dist/assets/monokai-CR4piiQ-.js                         8.25 kB │ gzip:   1.98 kB
dist/assets/haml-GN_XdMnF.js                            8.26 kB │ gzip:   1.81 kB
dist/assets/vue-html-AaS7Mt5G.js                        8.47 kB │ gzip:   1.68 kB
dist/assets/plsql-ChMvpjG-.js                           8.51 kB │ gzip:   3.00 kB
dist/assets/dart-CtKP3W-j.js                            8.62 kB │ gzip:   2.00 kB
dist/assets/horizon-BUw7H-hv.js                         8.78 kB │ gzip:   1.96 kB
dist/assets/kotlin-BdnUsdx6.js                          8.79 kB │ gzip:   2.13 kB
dist/assets/horizon-bright-CUuTKBJd.js                  8.79 kB │ gzip:   1.97 kB
dist/assets/make-CHLpvVh8.js                            8.96 kB │ gzip:   1.77 kB
dist/assets/andromeeda-C4gqWexZ.js                      9.02 kB │ gzip:   2.36 kB
dist/assets/sas-BGn39htG.js                             9.06 kB │ gzip:   3.81 kB
dist/assets/dark-plus-C3mMm8J8.js                       9.10 kB │ gzip:   2.10 kB
dist/assets/slack-dark-BthQWCQV.js                      9.12 kB │ gzip:   1.97 kB
dist/assets/smithy-cds9vsN8.js                          9.13 kB │ gzip:   1.53 kB
dist/assets/sass-Cj5Yp3dK.js                            9.29 kB │ gzip:   2.49 kB
dist/assets/plastic-3e1v2bzS.js                         9.30 kB │ gzip:   1.98 kB
dist/assets/slack-ochin-DqwNpetd.js                     9.43 kB │ gzip:   2.10 kB
dist/assets/tex-D96PA37w.js                             9.67 kB │ gzip:   3.06 kB
dist/assets/jison-wvAkD_A8.js                           9.69 kB │ gzip:   1.85 kB
dist/assets/cmake-D1j8_8rp.js                           9.86 kB │ gzip:   3.37 kB
dist/assets/light-plus-B7mTdjB0.js                      9.94 kB │ gzip:   2.27 kB
dist/assets/hcl-BWvSN4gD.js                            10.05 kB │ gzip:   1.93 kB
dist/assets/cynefinDiagram-5FMLGOSQ-BNh775dA.js        10.10 kB │ gzip:   3.63 kB
dist/assets/stateDiagram-D77RDMKH-CdlHAbe9.js          10.37 kB │ gzip:   3.63 kB
dist/assets/pkl-u5AG7uiY.js                            10.37 kB │ gzip:   1.38 kB
dist/assets/dream-maker-BtqSS_iP.js                    10.47 kB │ gzip:   2.25 kB
dist/assets/raku-DXvB9xmW.js                           10.47 kB │ gzip:   2.94 kB
dist/assets/yaml-Buea-lGh.js                           10.51 kB │ gzip:   2.27 kB
dist/assets/nextflow-groovy-CedDknKX.js                10.53 kB │ gzip:   2.17 kB
dist/assets/rst-CVOjT0e7.js                            10.67 kB │ gzip:   2.42 kB
dist/assets/dagre-GXQ25YYZ-DBJ9PiOm.js                 10.68 kB │ gzip:   4.03 kB
dist/assets/diagram-VSXAHHWV-CcBux2xS.js               10.72 kB │ gzip:   4.13 kB
dist/assets/elm-DbKCFpqz.js                            10.97 kB │ gzip:   2.12 kB
dist/assets/github-light-DAi9KRSo.js                   11.18 kB │ gzip:   2.51 kB
dist/assets/just-CMxyWJJc.js                           11.23 kB │ gzip:   2.80 kB
dist/assets/prolog-CbFg5uaA.js                         11.36 kB │ gzip:   3.83 kB
dist/assets/terraform-BETggiCN.js                      11.39 kB │ gzip:   2.51 kB
dist/assets/github-dark-DHJKELXO.js                    11.41 kB │ gzip:   2.55 kB
dist/assets/puppet-BMWR74SV.js                         11.44 kB │ gzip:   2.11 kB
dist/assets/laserwave-DUszq2jm.js                      11.50 kB │ gzip:   2.58 kB
dist/assets/gherkin-DyxjwDmM.js                        11.95 kB │ gzip:   5.05 kB
dist/assets/wasm-MzD3tlZU.js                           12.01 kB │ gzip:   2.19 kB
dist/assets/hjson-D5-asLiD.js                          12.05 kB │ gzip:   1.64 kB
dist/assets/surrealql-Cjom0U5J.js                      12.06 kB │ gzip:   3.30 kB
dist/assets/apache-Pmp26Uib.js                         12.46 kB │ gzip:   3.72 kB
dist/assets/handlebars-DPT5vKgj.js                     12.48 kB │ gzip:   2.42 kB
dist/assets/vesper-DRje8inN.js                         12.73 kB │ gzip:   1.98 kB
dist/assets/beancount-BgSHGh8x.js                      12.86 kB │ gzip:   2.21 kB
dist/assets/bat-CickPsom.js                            12.89 kB │ gzip:   3.23 kB
dist/assets/fish-BvzEVeQv.js                           13.04 kB │ gzip:   1.74 kB
dist/assets/nsis-BlV79W_Q.js                           13.13 kB │ gzip:   4.07 kB
dist/assets/v-BGw2Nkan.js                              13.33 kB │ gzip:   2.77 kB
dist/assets/vitesse-light-CVO1_9PV.js                  13.62 kB │ gzip:   3.04 kB
dist/assets/aurora-x-D-2ljcwZ.js                       13.66 kB │ gzip:   2.28 kB
dist/assets/vitesse-black-Bkuqu6BP.js                  13.68 kB │ gzip:   3.06 kB
dist/assets/vitesse-dark-D0r3Knsf.js                   13.76 kB │ gzip:   3.06 kB
dist/assets/pug-BtYPkAgq.js                            13.84 kB │ gzip:   2.58 kB
dist/assets/synthwave-84-CbfX1IO0.js                   14.04 kB │ gzip:   2.87 kB
dist/assets/smalltalk-BOQMe2GC.js                      14.13 kB │ gzip:   2.16 kB
dist/assets/github-light-default-D7oLnXFd.js           14.16 kB │ gzip:   3.04 kB
dist/assets/github-light-high-contrast-BfjtVDDH.js     14.28 kB │ gzip:   3.02 kB
dist/assets/clarity-Dn5IMItf.js                        14.36 kB │ gzip:   2.51 kB
dist/assets/github-dark-dimmed-DH5Ifo-i.js             14.43 kB │ gzip:   3.13 kB
dist/assets/github-dark-default-Cuk6v7N8.js            14.44 kB │ gzip:   3.13 kB
dist/assets/github-dark-high-contrast-E3gJ1_iC.js      14.60 kB │ gzip:   3.09 kB
dist/assets/gnuplot-DdkO51Og.js                        14.78 kB │ gzip:   3.27 kB
dist/assets/rust-DPvrY3IQ.js                           15.17 kB │ gzip:   2.73 kB
dist/assets/kusto-wEQ09or8.js                          15.17 kB │ gzip:   3.92 kB
dist/assets/nix-CwoSXNpI.js                            15.51 kB │ gzip:   2.48 kB
dist/assets/lua-BaeVxFsk.js                            15.54 kB │ gzip:   3.16 kB
dist/assets/actionscript-3-B3316cI-.js                 15.54 kB │ gzip:   2.71 kB
dist/assets/chunk-SVP7TREG-C-_jshwc.js                 15.73 kB │ gzip:   4.41 kB
dist/assets/abap-BdImnpbu.js                           15.85 kB │ gzip:   5.91 kB
dist/assets/diagram-VX7I27RA-CenI9kOk.js               15.96 kB │ gzip:   5.70 kB
dist/assets/matlab-D7o27uSR.js                         16.09 kB │ gzip:   3.06 kB
dist/assets/cue-D82EKSYY.js                            16.20 kB │ gzip:   2.06 kB
dist/assets/luau-nOZpfvQi.js                           16.30 kB │ gzip:   3.58 kB
dist/assets/elixir-DkJLSxtU.js                         16.32 kB │ gzip:   2.80 kB
dist/assets/solidity-DijEV5ha.js                       16.41 kB │ gzip:   3.16 kB
dist/assets/odin-BBf5iR-q.js                           16.51 kB │ gzip:   2.94 kB
dist/assets/ts-tags-Ls60c9xG.js                        16.57 kB │ gzip:   2.07 kB
dist/assets/kanagawa-wave-DFGoQZhC.js                  17.12 kB │ gzip:   2.93 kB
dist/assets/kanagawa-lotus-C3DzagqV.js                 17.12 kB │ gzip:   2.93 kB
dist/assets/kanagawa-dragon-BuwD2xS4.js                17.12 kB │ gzip:   2.95 kB
dist/assets/ishikawaDiagram-5VMMS53U-DCz6yYPF.js       17.47 kB │ gzip:   6.64 kB
dist/assets/move-el3G9tDJ.js                           17.66 kB │ gzip:   3.06 kB
dist/assets/graphql-ChdNCCLP.js                        18.00 kB │ gzip:   2.52 kB
dist/assets/liquid-B-duXHXw.js                         18.09 kB │ gzip:   3.16 kB
dist/assets/svelte-D84K1R2Q.js                         18.25 kB │ gzip:   3.15 kB
dist/assets/material-theme-D5KoaKCx.js                 18.62 kB │ gzip:   3.11 kB
dist/assets/material-theme-darker-BfHTSMKl.js          18.63 kB │ gzip:   3.11 kB
dist/assets/material-theme-ocean-CyktbL80.js           18.63 kB │ gzip:   3.14 kB
dist/assets/material-theme-lighter-B0m2ddpp.js         18.63 kB │ gzip:   3.11 kB
dist/assets/material-theme-palenight-Csfq5Kiy.js       18.64 kB │ gzip:   3.13 kB
dist/assets/gdscript-DqcFQ5yU.js                       19.09 kB │ gzip:   3.77 kB
dist/assets/groovy-gcz8RCvz.js                         19.18 kB │ gzip:   3.60 kB
dist/assets/glimmer-js-Drrc9bTt.js                     20.07 kB │ gzip:   2.95 kB
dist/assets/glimmer-ts-zeybXsvi.js                     20.07 kB │ gzip:   2.94 kB
dist/assets/ayu-dark-DYE7WIF3.js                       20.08 kB │ gzip:   3.94 kB
dist/assets/ayu-mirage-32ctXXKs.js                     20.09 kB │ gzip:   3.94 kB
dist/assets/ayu-light-BA47KaF1.js                      20.15 kB │ gzip:   3.93 kB
dist/assets/powershell-Dd0kTxKP.js                     20.15 kB │ gzip:   4.07 kB
dist/assets/mdc-DF4WjDMn.js                            20.18 kB │ gzip:   6.81 kB
dist/assets/kanban-definition-UXKFOSKX-BfqL7w_0.js     20.30 kB │ gzip:   7.21 kB
dist/assets/viml-CJc9bBzg.js                           20.37 kB │ gzip:   6.73 kB
dist/assets/snazzy-light-Bw305WKR.js                   20.77 kB │ gzip:   3.83 kB
dist/assets/dracula-BzJJZx-M.js                        21.07 kB │ gzip:   4.00 kB
dist/assets/dracula-soft-BXkSAIEj.js                   21.08 kB │ gzip:   4.04 kB
dist/assets/wit-5i3qLPDT.js                            21.47 kB │ gzip:   2.89 kB
dist/assets/rose-pine-5qJOZa0Y.js                      21.74 kB │ gzip:   3.88 kB
dist/assets/rose-pine-moon-C9pEdX9L.js                 21.75 kB │ gzip:   3.90 kB
dist/assets/rose-pine-dawn-zx0QlTCp.js                 21.75 kB │ gzip:   3.90 kB
dist/assets/nushell-BXD5iret.js                        21.77 kB │ gzip:   5.44 kB
dist/assets/nim-nV83PyhX.js                            22.46 kB │ gzip:   3.16 kB
dist/assets/common-lisp-Cg-RD9OK.js                    22.58 kB │ gzip:   6.06 kB
dist/assets/gruvbox-dark-hard-CFHQjOhq.js              22.63 kB │ gzip:   4.18 kB
dist/assets/gruvbox-dark-soft-CVdnzihN.js              22.63 kB │ gzip:   4.17 kB
dist/assets/gruvbox-light-hard-CH1njM8p.js             22.64 kB │ gzip:   4.18 kB
dist/assets/gruvbox-light-soft-hJgmCMqR.js             22.64 kB │ gzip:   4.18 kB
dist/assets/gruvbox-dark-medium-GsRaNv29.js            22.64 kB │ gzip:   4.18 kB
dist/assets/gruvbox-light-medium-DRw_LuNl.js           22.64 kB │ gzip:   4.18 kB
dist/assets/mindmap-definition-YA3MSWOX-B_Ix6xuA.js    23.18 kB │ gzip:   7.83 kB
dist/assets/sankeyDiagram-P5KCCOFB-DwtJo_TO.js         23.20 kB │ gzip:   8.56 kB
dist/assets/journeyDiagram-3NMN7TZE-DIEEoj9H.js        23.57 kB │ gzip:   8.35 kB
dist/assets/cadence-Bv_4Rxtq.js                        23.67 kB │ gzip:   3.67 kB
dist/assets/sql-DkvoVjww.js                            23.67 kB │ gzip:   7.48 kB
dist/assets/astro-DTjqU0_L.js                          24.01 kB │ gzip:   7.55 kB
dist/assets/apl-ChzvTHjC.js                            24.04 kB │ gzip:   4.20 kB
dist/assets/templ-Vpw5XpSW.js                          24.06 kB │ gzip:   5.40 kB
dist/assets/vhdl-CeAyd5Ju.js                           24.26 kB │ gzip:   3.87 kB
dist/assets/angular-html-D_SYSyRt.js                   24.29 kB │ gzip:   4.01 kB
dist/assets/purescript-CklMAg4u.js                     24.69 kB │ gzip:   3.25 kB
dist/assets/vue-DSqPwMUe.js                            24.96 kB │ gzip:   3.04 kB
dist/assets/one-light-C3Wv6jpd.js                      25.30 kB │ gzip:   3.67 kB
dist/assets/fsharp-CXgrBDvD.js                         25.31 kB │ gzip:   4.13 kB
dist/assets/twig-D9-LOF2p.js                           25.31 kB │ gzip:   4.21 kB
dist/assets/wardleyDiagram-VM6X3IG4-BqUFGpH4.js        25.50 kB │ gzip:   6.79 kB
dist/assets/marko-BYgDmDgU.js                          25.72 kB │ gzip:   3.66 kB
dist/assets/night-owl-light-CMTm3GFP.js                25.90 kB │ gzip:   4.26 kB
dist/assets/c3-Dp5svz6Z.js                             26.39 kB │ gzip:   3.99 kB
dist/assets/system-verilog-0hqHdDBg.js                 26.56 kB │ gzip:   4.88 kB
dist/assets/nord-Ddv68eIx.js                           26.72 kB │ gzip:   4.40 kB
dist/assets/codeql-DsOJ9woJ.js                         26.88 kB │ gzip:   3.79 kB
dist/assets/typespec-ClX509-Q.js                       27.00 kB │ gzip:   2.76 kB
dist/assets/scss-Cw6XMfVs.js                           27.20 kB │ gzip:   4.20 kB
dist/assets/java-CylS5w8V.js                           27.22 kB │ gzip:   4.26 kB
dist/assets/coffee-Ch7k5sss.js                         27.42 kB │ gzip:   6.35 kB
dist/assets/razor-CyjPwjZj.js                          27.51 kB │ gzip:   3.57 kB
dist/assets/scala-CqE71os6.js                          28.89 kB │ gzip:   3.94 kB
dist/assets/night-owl-C39BiMTA.js                      28.91 kB │ gzip:   5.16 kB
dist/assets/crystal-LUwhHfY5.js                        29.39 kB │ gzip:   4.45 kB
dist/assets/gitGraphDiagram-WWUBYQGX-BYmF1fPo.js       29.42 kB │ gzip:   8.70 kB
dist/assets/applescript-Co6uUVPk.js                    29.57 kB │ gzip:   5.93 kB
dist/assets/erDiagram-RLTQ6QDP-C11v4BrV.js             30.79 kB │ gzip:  10.59 kB
dist/assets/timeline-definition-24CTP7MA-mW6NuLip.js   30.84 kB │ gzip:  10.15 kB
dist/assets/requirementDiagram-BXWQKSXE-C9i98qcr.js    31.00 kB │ gzip:   9.73 kB
dist/assets/stylus-BEDo0Tqx.js                         31.07 kB │ gzip:   7.99 kB
dist/assets/julia-Cu79e8SL.js                          31.29 kB │ gzip:   4.37 kB
dist/assets/ahk-BrbAagtO.js                            31.45 kB │ gzip:   7.81 kB
dist/assets/poimandres-CS3Unz2-.js                     33.49 kB │ gzip:   5.50 kB
dist/assets/bsl-DlhNcFeZ.js                            33.95 kB │ gzip:   8.36 kB
dist/assets/quadrantDiagram-AXDQQJYC-BOzng_oh.js       34.01 kB │ gzip:   9.98 kB
dist/assets/nginx-BpAMiNFr.js                          35.37 kB │ gzip:   4.43 kB
dist/assets/houston-DnULxvSX.js                        35.42 kB │ gzip:   5.78 kB
dist/assets/layout-B2pWYY9-.js                         35.44 kB │ gzip:  12.75 kB
dist/assets/tokyo-night-hegEt444.js                    35.67 kB │ gzip:   6.24 kB
dist/assets/haxe-CfZj7gIn.js                           35.95 kB │ gzip:   6.01 kB
dist/assets/org-6a7ccXN_.js                            36.32 kB │ gzip:   3.70 kB
dist/assets/one-dark-pro-CxGP3dtY.js                   37.06 kB │ gzip:   6.11 kB
dist/assets/erlang-DsQrWhSR.js                         37.48 kB │ gzip:   4.40 kB
dist/assets/chunk-IMKFNOWR-C9iztqsZ.js                 38.11 kB │ gzip:  12.53 kB
dist/assets/bird2-Bx8U0n9b.js                          38.68 kB │ gzip:   8.50 kB
dist/assets/cobol-BBKr1ja6.js                          39.13 kB │ gzip:  10.86 kB
dist/assets/asm-D_Q5rh1f.js                            40.72 kB │ gzip:   8.21 kB
dist/assets/shellscript-Yzrsuije.js                    41.48 kB │ gzip:   6.09 kB
dist/assets/haskell-Df6bDoY_.js                        41.49 kB │ gzip:   6.44 kB
dist/assets/blockDiagram-I7D4REHJ--3MbKKbn.js          41.76 kB │ gzip:  13.58 kB
dist/assets/vennDiagram-4TSXK5OY-CuJerX2C.js           41.96 kB │ gzip:  15.70 kB
dist/assets/perl-5klg-GXX.js                           43.16 kB │ gzip:   4.67 kB
dist/assets/d-85-TOEBH.js                              43.80 kB │ gzip:   8.47 kB
dist/assets/xychartDiagram-S5SC5T6Z-ulGzTtn9.js        44.51 kB │ gzip:  12.61 kB
dist/assets/ahk2-8Zs4aa1G.js                           45.07 kB │ gzip:   9.88 kB
dist/assets/ruby-C8rp0wew.js                           46.76 kB │ gzip:   5.83 kB
dist/assets/go-C27-OAKa.js                             46.82 kB │ gzip:   5.18 kB
dist/assets/apex-DhZFqWV2.js                           47.89 kB │ gzip:   6.90 kB
dist/assets/ada-BIOnG6TC.js                            48.08 kB │ gzip:   6.03 kB
dist/assets/chunk-TICWLB2K-Dy-UYYod.js                 49.21 kB │ gzip:  15.76 kB
dist/assets/imba-DGztddWO.js                           49.93 kB │ gzip:   9.46 kB
dist/assets/catppuccin-mocha-Ct7hS0mc.js               50.85 kB │ gzip:   8.49 kB
dist/assets/catppuccin-latte-DH-8KZSZ.js               50.85 kB │ gzip:   8.49 kB
dist/assets/catppuccin-frappe-CZL1YF0i.js              50.85 kB │ gzip:   8.51 kB
dist/assets/catppuccin-macchiato-B7yYVSCf.js           50.86 kB │ gzip:   8.50 kB
dist/assets/css-Z72CF80r.js                            53.37 kB │ gzip:  12.44 kB
dist/assets/everforest-dark-BgDCqdQA.js                53.75 kB │ gzip:   8.42 kB
dist/assets/everforest-light-C8M2exoo.js               53.75 kB │ gzip:   8.42 kB
dist/assets/mermaid-CQcHuHx7.js                        54.81 kB │ gzip:   4.81 kB
dist/assets/wikitext-BhOHFoWU.js                       55.89 kB │ gzip:   4.76 kB
dist/assets/stata-DACIj5bg.js                          56.99 kB │ gzip:  12.36 kB
dist/assets/html-BlS82ilI.js                           57.25 kB │ gzip:  11.69 kB
dist/assets/ballerina-BFfxhgS-.js                      58.69 kB │ gzip:   8.15 kB
dist/assets/markdown-Cvjx9yec.js                       59.34 kB │ gzip:   5.64 kB
dist/assets/flowDiagram-HODETNUW-D2UmWm2m.js           61.88 kB │ gzip:  19.89 kB
dist/assets/ocaml-C0hk2d4L.js                          62.45 kB │ gzip:   5.02 kB
dist/assets/c4Diagram-7LVT6UL2-D6Kz6980.js             65.47 kB │ gzip:  18.79 kB
dist/assets/mojo-DJz3ZmWd.js                           69.52 kB │ gzip:   9.26 kB
dist/assets/ganttDiagram-EL5Y4UJY-50iHyRn3.js          69.69 kB │ gzip:  23.55 kB
dist/assets/python-B6aJPvgy.js                         69.95 kB │ gzip:   9.13 kB
dist/assets/c-BIGW1oBm.js                              72.11 kB │ gzip:  10.51 kB
dist/assets/latex-DJVikpzR.js                          73.27 kB │ gzip:   6.82 kB
dist/assets/vyper-CDx5xZoG.js                          74.65 kB │ gzip:  10.73 kB
dist/assets/hack-Ck6-gGSS.js                           81.13 kB │ gzip:  26.38 kB
dist/assets/cose-bilkent-JH36ORCC-BoaP8ffR.js          81.70 kB │ gzip:  22.48 kB
dist/assets/swift-C2oV4EkX.js                          87.23 kB │ gzip:  14.84 kB
dist/assets/fortran-free-form-BxgE0vQu.js              88.97 kB │ gzip:  11.27 kB
dist/assets/csharp-B_TYUkTI.js                         91.44 kB │ gzip:  10.84 kB
dist/assets/racket-BqYA7rlc.js                         92.39 kB │ gzip:  15.02 kB
dist/assets/less-B1dDrJ26.js                           97.63 kB │ gzip:  14.70 kB
dist/assets/blade-k33SngOZ.js                         104.98 kB │ gzip:  28.20 kB
dist/assets/objective-c-DXmwc3jG.js                   105.41 kB │ gzip:  23.33 kB
dist/assets/php-DoruYMF0.js                           113.13 kB │ gzip:  28.73 kB
dist/assets/swimlanes-42K2YHIH-BdJ0LRlL.js            115.79 kB │ gzip:  42.51 kB
dist/assets/sequenceDiagram-WJ2MYXX4-CEuvbsH4.js      116.97 kB │ gzip:  31.14 kB
dist/assets/asciidoc-CSVQ5wI8.js                      136.05 kB │ gzip:   9.50 kB
dist/assets/mdx-Cmh6b_Ma.js                           136.11 kB │ gzip:  23.35 kB
dist/assets/architectureDiagram-5GKGNRK7-cDa105zn.js  151.82 kB │ gzip:  43.14 kB
dist/assets/typst-DamkJZ1Q.js                         163.55 kB │ gzip:  10.98 kB
dist/assets/objective-cpp-CLxacb5B.js                 171.97 kB │ gzip:  30.62 kB
dist/assets/javascript-wDzz0qaB.js                    174.83 kB │ gzip:  16.52 kB
dist/assets/tsx-COt5Ahok.js                           175.54 kB │ gzip:  16.50 kB
dist/assets/jsx-g9-lgVsj.js                           177.79 kB │ gzip:  16.60 kB
dist/assets/typescript-BPQ3VLAy.js                    181.08 kB │ gzip:  16.04 kB
dist/assets/angular-ts-DGq0tZX5.js                    183.82 kB │ gzip:  16.63 kB
dist/assets/vue-vine-C0RcJ6UU.js                      190.05 kB │ gzip:  17.99 kB
dist/assets/katex-HP8lGamR.js                         261.31 kB │ gzip:  77.57 kB
dist/assets/wolfram-lXgVvXCa.js                       262.39 kB │ gzip:  77.14 kB
dist/assets/cytoscape.esm-BB4DxJjf.js                 443.04 kB │ gzip: 141.98 kB
dist/assets/wasm-CG6Dc4jp.js                          622.34 kB │ gzip: 230.29 kB
dist/assets/mermaid.core-BTy-rnv4.js                  653.58 kB │ gzip: 158.05 kB
dist/assets/cynefin-OW5HDTMX-CcQKEihN.js              688.15 kB │ gzip: 154.16 kB
dist/assets/index-DRXQyUs7.js                         755.39 kB │ gzip: 233.41 kB
dist/assets/cpp-BMRokrvK.js                           785.49 kB │ gzip:  53.20 kB
dist/assets/emacs-lisp-DaIrSCgJ.js                    790.02 kB │ gzip: 198.84 kB

(!) Some chunks are larger than 500 kB after minification. Consider:
- Using dynamic import() to code-split the application
- Use build.rollupOptions.output.manualChunks to improve chunking: https://rollupjs.org/configuration-options/#output-manualchunks
- Adjust chunk size limit for this warning via build.chunkSizeWarningLimit.
✓ built in 15.94s
